<?xml version="1.0"?><!DOCTYPE book PUBLIC "-//OASIS//DTD DocBook V4.4//EN"
"http://www.oasis-open.org/docbook/xml/4.4/docbookx.dtd">
<book><bookinfo><title>Test Book</title>
</bookinfo>
<chapter><title>Chapter 1</title>
<section><title>Subsection 1</title>
<para>Lorem ipsum dolor sit amet, consectetuer adipiscing elit. Donec sagittis
malesuada nisi. Aliquam orci eros, vestibulum eu, placerat et, pretium sed,
nisi. Proin consequat. Praesent faucibus sem id arcu hendrerit nonummy.
Aliquam blandit accumsan pede. Vivamus aliquet lacinia nunc. Praesent dapibus
orci eu magna. Cras nonummy, pede nec facilisis semper, sem nibh vestibulum
massa, sed ornare tortor elit non lectus. Nullam mauris turpis, luctus et,
vulputate vitae, commodo sit amet, purus. Fusce erat. Proin ullamcorper
imperdiet est. Morbi sit amet dui. Fusce bibendum auctor augue. Sed leo
sapien, vehicula ac, nonummy id, cursus at, nulla. Ut sed purus.</para>
<section><title>Subsubsection 1</title>
<para>Suspendisse sagittis metus nec leo. Suspendisse velit. Phasellus ipsum
dolor, porttitor ut1, varius id, scelerisque vel, ligula. Aliquam tempor sem
in pede tincidunt nonummy. Vestibulum et nulla. Nunc et dolor a risus
porttitor tem pus. Sed felis arcu, consectetuer non, imperdiet sollicitudin,
ullamcorper vitae, nulla. Vestibulum ante ipsum primis in faucibus.</para>
</section>
</section>
<section><title>Subsection 2</title>
<para>Duis eget libero aliquet quam ultrices malesuada. Donec molestie
dignissim nunc. Curabitur turpis. Suspendisse a nibh ut elit vulputate
ultrices. Etiam nulla erat, nonummy vel, fringilla at, scelerisque non, ante.
Suspendisse adipiscing rhoncus purus. Nulla in augue. Ut ac nisi eu nisi
cursus elementum. Pellentesque habitant morbi tristique senectus et netus et
malesuada fames ac turpis egestas. Donec et turpis. Donec nec mi. Mauris
malesuada congue sem. Maecenas et urna in nisi sagittis facilisis. Cras nibh.
Aliquam purus. Donec convallis congue libero. Nulla feugiat. Nulla massa
libero, consectetuer ac, aliquet ac, consequat eu, purus. Pellentesque
eleifend pretium augue.</para>
</section>
<section><title>Subsection 3</title>
<para>Integer auctor, nisi ut convallis imperdiet, ligula diam sollicitudin
dolor, porttitor mattis urna sapien at velit. Fusce vestibulum, neque nec
malesuada tempor, tortor nisi accumsan purus, quis faucibus metus elit ac
urna. Aliquam commodo velit vel ipsum. Donec blandit diam blandit eros.
Aliquam pretium fermentum neque. Sed nec tellus eu orci ullamcorper facilisis.
Pellentesque habitant morbi tristique senectus et netus et malesuada fames ac
turpis egestas. Nulla sed leo. Class aptent taciti sociosqu ad litora torquent
per conubia nostra, per inceptos hymenaeos. Fusce suscipit. Sed sit amet diam
ac ante tincidunt ornare. Sed sodales vestibulum quam. Fusce accumsan. Ut ut
mi.</para>
</section>
<section><title>Subsection 4</title>
<para>Maecenas tincidunt lobortis nunc. Phasellus euismod diam sit amet felis.
Donec lorem metus, vulputate vitae, ornare vel, molestie sit amet, pede. In
erat velit, adipiscing sed, varius in, interdum cursus, enim. Quisque dolor
ante, tincidunt vel, congue eget, consectetuer id, nunc. Suspendisse
hendrerit. Proin egestas, massa eget egestas ullamcorper, nisl elit gravida
magna, vitae dignissim odio velit ut tortor. Fusce lobortis consequat nulla.
Vestibulum pretium justo at metus. Sed lorem velit, elementum eget,
pellentesque ac, ornare id, mi. Pellentesque vel ligula et erat dictum
commodo. Integer malesuada lacus nec metus. Aliquam id purus ac neque mattis
venenatis. Aenean lobortis accumsan massa. Donec dui ante, facilisis vel,
hendrerit ut, vehicula in, eros. Suspendisse potenti. Sed fringilla.
Suspendisse vel nibh. Sed sit amet lacus quis massa tincidunt elementum. Ut ut
augue vitae ligula dapibus aliquam.</para>
</section>
<section><title>Subsection 5</title>
<para>Fusce non eros non lectus venenatis bibendum. Nullam pharetra. Nunc
commodo pede et metus. Pellentesque habitant morbi tristique senectus et netus
et malesuada fames ac turpis egestas. Vestibulum imperdiet nisl nec nulla.
Morbi congue dictum pede. Aliquam ligula. In pede nulla, varius a, blandit ut,
pulvinar vitae, mauris. Suspendisse sit amet magna. Curabitur cursus placerat
justo. Vivamus imperdiet magna commodo mi. Vestibulum eget metus quis sem
sollicitudin consectetuer. Morbi metus augue, elementum rutrum, luctus quis,
porttitor a, est. Phasellus quis sapien et augue adipiscing fermentum. Sed
fermentum tristique dui. Vivamus aliquam, tortor at ultricies commodo, urna
ipsum fringilla neque, sit amet congue purus enim a justo.</para>
</section>
<section><title>Section 1.10.32 of &quot;de Finibus Bonorum et Malorum&quot;,
written by Cicero in 45 BC</title>
<para>Sed ut perspiciatis unde omnis iste natus error sit voluptatem
accusantium doloremque laudantium, totam rem aperiam, eaque ipsa quae ab illo
inventore veritatis et quasi architecto beatae vitae dicta sunt explicabo.
Nemo enim ipsam voluptatem quia voluptas sit aspernatur aut odit aut fugit,
sed quia consequuntur magni dolores eos qui ratione voluptatem sequi nesciunt.
Neque porro quisquam est, qui dolorem ipsum quia dolor sit amet, consectetur,
adipisci velit, sed quia non numquam eius modi tempora incidunt ut labore et
dolore magnam aliquam quaerat voluptatem. Ut enim ad minima veniam, quis
nostrum exercitationem ullam corporis suscipit laboriosam, nisi ut aliquid ex
ea commodi consequatur? Quis autem vel eum iure reprehenderit qui in ea
voluptate velit esse quam nihil molestiae consequatur, vel illum qui dolorem
eum fugiat quo voluptas nulla pariatur?</para>
</section>
</chapter>
<chapter><title>Chapter 2</title>
<section><title>1914 translation by H. Rackham</title>
<para>But I must explain to you how all this mistaken idea of denouncing
pleasure and praising pain was born and I will give you a complete account of
the system, and expound the actual teachings of the great explorer of the
truth, the master-builder of human happiness. No one rejects, dislikes, or
avoids pleasure itself, because it is pleasure, but because those who do not
know how to pursue pleasure rationally encounter consequences that are
extremely painful. Nor again is there anyone who loves or pursues or desires
to obtain pain of itself, because it is pain, but because occasionally
circumstances occur in which toil and pain can procure him some great
pleasure. To take a trivial example, which of us ever undertakes laborious
physical exercise, except to obtain some advantage from it? But who has any
right to find fault with a man who chooses to enjoy a pleasure that has no
annoying consequences, or one who avoids a pain that produces no resultant
pleasure?</para>
</section>
<section><title>Section 1.10.33 of &quot;de Finibus Bonorum et Malorum&quot;,
written by Cicero in 45 BC</title>
<para>At vero eos et accusamus et iusto odio dignissimos ducimus qui
blanditiis praesentium voluptatum deleniti atque corrupti quos dolores et quas
molestias excepturi sint occaecati cupiditate non provident, similique sunt in
culpa qui officia deserunt mollitia animi, id est laborum et dolorum fuga. Et
harum quidem rerum facilis est et expedita distinctio. Nam libero tempore, cum
soluta nobis est eligendi optio cumque nihil impedit quo minus id quod maxime
placeat facere possimus, omnis voluptas assumenda est, omnis dolor
repellendus. Temporibus autem quibusdam et aut officiis debitis aut rerum
necessitatibus saepe eveniet ut et voluptates repudiandae sint et molestiae
non recusandae. Itaque earum rerum hic tenetur a sapiente delectus, ut aut
reiciendis voluptatibus maiores alias consequatur aut perferendis doloribus
asperiores repellat.</para>
</section>
</chapter>
</book>
